Administrator@USERCHI-KLKQR11 MINGW64 /f/work/soap (master)
$ git remote add https://github.com/UMYGIT/mysoa.git
usage: git remote add [<options>] <name> <url>

    -f, --fetch           fetch the remote branches
    --tags                import all tags and associated objects when fetching
                          or do not fetch any tag at all (--no-tags)
    -t, --track <branch>  branch(es) to track
    -m, --master <branch>
                          master branch
    --mirror[=<push|fetch>]
                          set up remote as a mirror to push to or fetch from


Administrator@USERCHI-KLKQR11 MINGW64 /f/work/soap (master)
$ git remote add origin
usage: git remote add [<options>] <name> <url>

    -f, --fetch           fetch the remote branches
    --tags                import all tags and associated objects when fetching
                          or do not fetch any tag at all (--no-tags)
    -t, --track <branch>  branch(es) to track
    -m, --master <branch>
                          master branch
    --mirror[=<push|fetch>]
                          set up remote as a mirror to push to or fetch from


Administrator@USERCHI-KLKQR11 MINGW64 /f/work/soap (master)
$ git remote add origin
usage: git remote add [<options>] <name> <url>

    -f, --fetch           fetch the remote branches
    --tags                import all tags and associated objects when fetching
                          or do not fetch any tag at all (--no-tags)
    -t, --track <branch>  branch(es) to track
    -m, --master <branch>
                          master branch
    --mirror[=<push|fetch>]
                          set up remote as a mirror to push to or fetch from


Administrator@USERCHI-KLKQR11 MINGW64 /f/work/soap (master)
$ git remote add origin https://github.com/UMYGIT/mysoa.git

Administrator@USERCHI-KLKQR11 MINGW64 /f/work/soap (master)
$ git pull https://github.com/UMYGIT/mysoa.git
warning: no common commits
remote: Counting objects: 3, done.
remote: Compressing objects: 100% (2/2), done.
remote: Total 3 (delta 0), reused 0 (delta 0), pack-reused 0
Unpacking objects: 100% (3/3), done.
From https://github.com/UMYGIT/mysoa
 * branch            HEAD       -> FETCH_HEAD
fatal: refusing to merge unrelated histories

Administrator@USERCHI-KLKQR11 MINGW64 /f/work/soap (master)
$ git push -u origin master
To https://github.com/UMYGIT/mysoa.git
 ! [rejected]        master -> master (non-fast-forward)
error: failed to push some refs to 'https://github.com/UMYGIT/mysoa.git'
hint: Updates were rejected because the tip of your current branch is behind
hint: its remote counterpart. Integrate the remote changes (e.g.
hint: 'git pull ...') before pushing again.
hint: See the 'Note about fast-forwards' in 'git push --help' for details.

Administrator@USERCHI-KLKQR11 MINGW64 /f/work/soap (master)
$ git pull origin master
From https://github.com/UMYGIT/mysoa
 * branch            master     -> FETCH_HEAD
 * [new branch]      master     -> origin/master
fatal: refusing to merge unrelated histories

Administrator@USERCHI-KLKQR11 MINGW64 /f/work/soap (master)
$ git push -u origin master
To https://github.com/UMYGIT/mysoa.git
 ! [rejected]        master -> master (non-fast-forward)
error: failed to push some refs to 'https://github.com/UMYGIT/mysoa.git'
hint: Updates were rejected because the tip of your current branch is behind
hint: its remote counterpart. Integrate the remote changes (e.g.
hint: 'git pull ...') before pushing again.
hint: See the 'Note about fast-forwards' in 'git push --help' for details.

Administrator@USERCHI-KLKQR11 MINGW64 /f/work/soap (master)
$ git push -u
fatal: The current branch master has no upstream branch.
To push the current branch and set the remote as upstream, use

    git push --set-upstream origin master


Administrator@USERCHI-KLKQR11 MINGW64 /f/work/soap (master)
$ git push -u origin master
To https://github.com/UMYGIT/mysoa.git
 ! [rejected]        master -> master (non-fast-forward)
error: failed to push some refs to 'https://github.com/UMYGIT/mysoa.git'
hint: Updates were rejected because the tip of your current branch is behind
hint: its remote counterpart. Integrate the remote changes (e.g.
hint: 'git pull ...') before pushing again.
hint: See the 'Note about fast-forwards' in 'git push --help' for details.

Administrator@USERCHI-KLKQR11 MINGW64 /f/work/soap (master)
$ git push -u origin master
To https://github.com/UMYGIT/mysoa.git
 ! [rejected]        master -> master (non-fast-forward)
error: failed to push some refs to 'https://github.com/UMYGIT/mysoa.git'
hint: Updates were rejected because the tip of your current branch is behind
hint: its remote counterpart. Integrate the remote changes (e.g.
hint: 'git pull ...') before pushing again.
hint: See the 'Note about fast-forwards' in 'git push --help' for details.

Administrator@USERCHI-KLKQR11 MINGW64 /f/work/soap (master)
$ git push --help

Administrator@USERCHI-KLKQR11 MINGW64 /f/work/soap (master)
$ git push origin master -f
Counting objects: 9, done.
Delta compression using up to 8 threads.
Compressing objects: 100% (9/9), done.
Writing objects: 100% (9/9), 1.82 KiB | 931.00 KiB/s, done.
Total 9 (delta 0), reused 0 (delta 0)
To https://github.com/UMYGIT/mysoa.git
 + 4ec73e4...33b61e2 master -> master (forced update)

Administrator@USERCHI-KLKQR11 MINGW64 /f/work/soap (master)
$
